// Vitest Snapshot v1, https://vitest.dev/guide/snapshot.html

exports[`integration:plugins/fully-specified > esbuild > should fill specifiers in output files 1`] = `
[
  {
    "assertion": "",
    "code": "import { CommandFactory } from \\"nest-commander\\"",
    "end": 67,
    "imports": [
      "CommandFactory",
    ],
    "kind": "import",
    "specifier": "nest-commander",
    "specifier_kind": "bare",
    "specifier_syntax": "static",
    "start": 20,
    "syntax": "named",
    "type": false,
  },
  {
    "assertion": "",
    "code": "import AppModule from \\"./app.module.mjs\\"",
    "end": 109,
    "imports": [
      "AppModule",
    ],
    "kind": "import",
    "specifier": "./app.module.mjs",
    "specifier_kind": "relative",
    "specifier_syntax": "static",
    "start": 69,
    "syntax": "default",
    "type": false,
  },
  {
    "assertion": "",
    "code": "import { CLI_NAME } from \\"./constants.mjs\\"",
    "end": 153,
    "imports": [
      "CLI_NAME",
    ],
    "kind": "import",
    "specifier": "./constants.mjs",
    "specifier_kind": "relative",
    "specifier_syntax": "static",
    "start": 111,
    "syntax": "named",
    "type": false,
  },
]
`;
