// Vitest Snapshot v1, https://vitest.dev/guide/snapshot.html

exports[`integration:plugins/fully-specified > esbuild > should fill specifiers in output files 1`] = `
[
  {
    "assertion": "{ type: \\"json\\" }",
    "code": "import pkg from \\"#pkg\\" assert { type: \\"json\\" }",
    "end": 66,
    "imports": [
      "pkg",
    ],
    "kind": "import",
    "specifier": "#pkg",
    "specifier_kind": "bare",
    "specifier_syntax": "static",
    "start": 20,
    "syntax": "default",
    "type": false,
  },
  {
    "assertion": "",
    "code": "import { ProgramFactory } from \\"@flex-development/nest-commander\\"",
    "end": 133,
    "imports": [
      "ProgramFactory",
    ],
    "kind": "import",
    "specifier": "@flex-development/nest-commander",
    "specifier_kind": "bare",
    "specifier_syntax": "static",
    "start": 68,
    "syntax": "named",
    "type": false,
  },
  {
    "assertion": "",
    "code": "import { isFalsy } from \\"@flex-development/tutils\\"",
    "end": 185,
    "imports": [
      "isFalsy",
    ],
    "kind": "import",
    "specifier": "@flex-development/tutils",
    "specifier_kind": "bare",
    "specifier_syntax": "static",
    "start": 135,
    "syntax": "named",
    "type": false,
  },
  {
    "assertion": "",
    "code": "import AppModule from \\"./app.module.mjs\\"",
    "end": 227,
    "imports": [
      "AppModule",
    ],
    "kind": "import",
    "specifier": "./app.module.mjs",
    "specifier_kind": "relative",
    "specifier_syntax": "static",
    "start": 187,
    "syntax": "default",
    "type": false,
  },
]
`;
