// Vitest Snapshot v1, https://vitest.dev/guide/snapshot.html

exports[`integration:plugins/decorators > esbuild > should skip modules that are not typescript 1`] = `
"[
  {
    \\"date\\": \\"2007-04-24T07:00:00.000Z\\",
    \\"close\\": 93.24
  },
  {
    \\"date\\": \\"2007-04-25T07:00:00.000Z\\",
    \\"close\\": 95.35
  },
  {
    \\"date\\": \\"2007-06-08T07:00:00.000Z\\",
    \\"close\\": 124.49
  },
  {
    \\"date\\": \\"2007-06-11T07:00:00.000Z\\",
    \\"close\\": 120.19
  },
  {
    \\"date\\": \\"2007-06-12T07:00:00.000Z\\",
    \\"close\\": 120.38
  }
]
"
`;

exports[`integration:plugins/decorators > esbuild > should skip typescript declaration modules 1`] = `
"declare global {
  var faker: typeof import('@faker-js/faker')['faker']
}

export {}
"
`;

exports[`integration:plugins/decorators > esbuild > should skip typescript modules not using decorators 1`] = `
"const tribonacci = ([a, b, c], n) => {
  if (n <= 0)
    return [];
  const sum = a + b + c;
  return [a, ...tribonacci([b, c, sum], n - 1)];
};
var tribonacci_default = tribonacci;
export {
  tribonacci_default as default
};
"
`;

exports[`integration:plugins/decorators > esbuild > should transpile typescript modules using decorators 1`] = `
"var __decorate = function(decorators, target, key, desc) {
  var c = arguments.length, r = c < 3 ? target : desc === null ? desc = Object.getOwnPropertyDescriptor(target, key) : desc, d;
  if (typeof Reflect === \\"object\\" && typeof Reflect.decorate === \\"function\\")
    r = Reflect.decorate(decorators, target, key, desc);
  else
    for (var i = decorators.length - 1; i >= 0; i--)
      if (d = decorators[i])
        r = (c < 3 ? d(r) : c > 3 ? d(target, key, r) : d(target, key)) || r;
  return c > 3 && r && Object.defineProperty(target, key, r), r;
};
var __metadata = function(k, v) {
  if (typeof Reflect === \\"object\\" && typeof Reflect.metadata === \\"function\\")
    return Reflect.metadata(k, v);
};
var _a;
import { IsDate, IsEmail, IsFQDN, IsInt, IsString, Length, Max, Min } from \\"class-validator\\";
class Post {
  constructor() {
    Object.defineProperty(this, \\"created_at\\", {
      enumerable: true,
      configurable: true,
      writable: true,
      value: void 0
    });
    Object.defineProperty(this, \\"email\\", {
      enumerable: true,
      configurable: true,
      writable: true,
      value: void 0
    });
    Object.defineProperty(this, \\"rating\\", {
      enumerable: true,
      configurable: true,
      writable: true,
      value: void 0
    });
    Object.defineProperty(this, \\"site\\", {
      enumerable: true,
      configurable: true,
      writable: true,
      value: void 0
    });
    Object.defineProperty(this, \\"text\\", {
      enumerable: true,
      configurable: true,
      writable: true,
      value: void 0
    });
    Object.defineProperty(this, \\"title\\", {
      enumerable: true,
      configurable: true,
      writable: true,
      value: void 0
    });
  }
}
__decorate([
  IsDate(),
  __metadata(\\"design:type\\", typeof (_a = typeof Date !== \\"undefined\\" && Date) === \\"function\\" ? _a : Object)
], Post.prototype, \\"created_at\\", void 0);
__decorate([
  IsEmail(),
  __metadata(\\"design:type\\", String)
], Post.prototype, \\"email\\", void 0);
__decorate([
  IsInt(),
  Min(0),
  Max(10),
  __metadata(\\"design:type\\", Number)
], Post.prototype, \\"rating\\", void 0);
__decorate([
  IsFQDN(),
  __metadata(\\"design:type\\", String)
], Post.prototype, \\"site\\", void 0);
__decorate([
  IsString(),
  __metadata(\\"design:type\\", String)
], Post.prototype, \\"text\\", void 0);
__decorate([
  Length(10, 20),
  __metadata(\\"design:type\\", String)
], Post.prototype, \\"title\\", void 0);
var post_default = Post;
export {
  post_default as default
};
"
`;
