// Vitest Snapshot v1

exports[`integration:plugins/tsconfig-paths > esbuild > should resolve path aliases in output files 1`] = `
[
  {
    "assertion": "",
    "code": "import MAX_VALUE from \\"./max-value\\"",
    "end": 35,
    "imports": [
      "MAX_VALUE",
    ],
    "kind": "import",
    "specifier": "./max-value",
    "specifier_kind": "relative",
    "specifier_syntax": "static",
    "start": 0,
    "syntax": "default",
    "type": false,
  },
  {
    "assertion": "",
    "code": "import MIN_VALUE from \\"./min-value\\"",
    "end": 72,
    "imports": [
      "MIN_VALUE",
    ],
    "kind": "import",
    "specifier": "./min-value",
    "specifier_kind": "relative",
    "specifier_syntax": "static",
    "start": 37,
    "syntax": "default",
    "type": false,
  },
]
`;
