// Vitest Snapshot v1, https://vitest.dev/guide/snapshot.html

exports[`unit:internal/defuConcat > should return object with defaults assigned 1`] = `
{
  "bundle": false,
  "clean": true,
  "cwd": ".",
  "entries": [],
  "ext": ".mjs",
  "format": "esm",
  "fs": {
    "lstat": [Function lstat],
    "mkdir": [Function mkdir],
    "readdir": [Function readdir],
    "readdirSync": [Function readdirSync],
    "rm": [Function rm],
    "stat": [Function stat],
    "unlink": [Function unlink],
    "writeFile": [Function writeFile],
  },
  "outdir": "dist",
  "pattern": "*.ts",
  "source": ".",
  "sourcemap": true,
  "sourcesContent": false,
  "target": [
    "node14.21.2",
    "esnext",
  ],
  "tsconfig": "tsconfig.build.json",
}
`;
