// Vitest Snapshot v1, https://vitest.dev/guide/snapshot.html

exports[`unit:internal/defu > should return object with defaults assigned 1`] = `
{
  "cwd": ".",
  "entries": [
    {
      "ignore": [
        "cli.ts",
      ],
    },
    {
      "bundle": true,
      "minify": true,
      "platform": "node",
      "source": "src/cli.ts",
    },
  ],
  "fs": {
    "lstat": [Function lstat],
    "mkdir": [Function mkdir],
    "readdir": [Function readdir],
    "readdirSync": [Function readdirSync],
    "rm": [Function rm],
    "stat": [Function stat],
    "unlink": [Function unlink],
    "writeFile": [Function writeFile],
  },
  "outdir": "dist",
  "source": ".",
  "sourcemap": true,
  "sourcesContent": false,
  "target": "node16.20.0",
  "tsconfig": "tsconfig.build.json",
  "watch": false,
  "write": false,
}
`;
