// Vitest Snapshot v1, https://vitest.dev/guide/snapshot.html

exports[`unit:internal/formatEsbuildMessage > should return \`message\` as rollup log 1`] = `
{
  "frame": "        : (await import(url.href) as { default?: Config | null }).default",
  "hook": "transform",
  "id": \${process.cwd()}/src/utils/load-build-config.mts,
  "level": "warn",
  "loc": {
    "column": 18,
    "file": \${process.cwd()}/src/utils/load-build-config.mts,
    "line": 96,
  },
  "message": "This "import" expression will not be bundled because the argument is not a string literal",
  "meta": {
    "level": "warning",
    "notes": [],
  },
  "plugin": "mkbuild:esbuild",
  "pluginCode": "unsupported-dynamic-import",
  "pos": 2183,
}
`;
