// Vitest Snapshot v1

exports[`unit:utils/buildSources > should return build sources for bundle 1`] = `
[
  {
    "ext": ".ts",
    "file": "cli.ts",
  },
]
`;

exports[`unit:utils/buildSources > should return build sources for transpilation 1`] = `
[
  {
    "ext": ".ts",
    "file": "dbl-linear.ts",
  },
  {
    "ext": ".mts",
    "file": "reverse.mts",
  },
  {
    "ext": ".d.cts",
    "file": "save-mark.d.cts",
  },
]
`;
