// Vitest Snapshot v1

exports[`functional:utils/resolveAliases > resolve > should resolve path aliases in output file content 1`] = `
"import { MODULE_EXTENSIONS } from '../config/constants'
import extractStatements from './extract-statements'
import resolveAlias from './resolve-alias'
import type { Format } from 'esbuild'
import type { MatchPath } from 'tsconfig-paths'
import type { ReadJsonSync } from 'tsconfig-paths/lib/filesystem'"
`;
