// Vitest Snapshot v1, https://vitest.dev/guide/snapshot.html

exports[`unit:cli/providers/HelpService > #formatHelp > should return formatted help text 1`] = `
"Description
  An esbuild based file-to-file transformer and bundler

Usage
  $ mkbuild [options]

Options
  -b, --bundle [choice]         Bundle files (default: false)
  -c, --clean [choice]          Remove output directories (default: true)
  -d, --dts [choice]            Generate TypeScript declaration files
  -e, --ext <ext>               Output file extension
  -f, --format <format>         Output file format (default: \\"esm\\")
  -n, --name <name>             Bundle output file name (default: \\"[name]\\")
  -o, --outdir <directory>      Output directory (default: \\"dist\\")
  -s, --source <path>           Source directory or bundle input path
      --sourcemap [choice]      Generate sourcemaps
  -w, --watch [choice]          Watch files (default: false)
  -h, --help                    Display this message
  -v, --version                 Display version number
"
`;
